// Jest Snapshot v1, https://goo.gl/fbAQLP

exports[`should render clear-day Icon correctly 1`] = `
<img
  className="weather__icon"
  src="data:image/svg+xml,%3c%3fxml version='1.0' encoding='utf-8'%3f%3e%3c!-- Generator: Adobe Illustrator 16.0.0%2c SVG Export Plug-In . SVG Version: 6.00 Build 0) --%3e%3c!DOCTYPE svg PUBLIC '-//W3C//DTD SVG 1.1//EN' 'http://www.w3.org/Graphics/SVG/1.1/DTD/svg11.dtd'%3e%3csvg version='1.1' id='Layer_1' xmlns='http://www.w3.org/2000/svg' xmlns:xlink='http://www.w3.org/1999/xlink' x='0px' y='0px' width='100px' height='100px' viewBox='0 0 100 100' enable-background='new 0 0 100 100' xml:space='preserve'%3e%3cg%3e %3crect x='48.999' y='27.982' width='2.001' height='7.403'/%3e%3c/g%3e%3cg%3e %3crect x='34.012' y='35.773' transform='matrix(0.7071 0.7071 -0.7071 0.7071 37.0508 -15.8973)' width='7.403' height='2'/%3e%3c/g%3e%3cg%3e %3crect x='61.285' y='33.071' transform='matrix(0.7071 0.7071 -0.7071 0.7071 44.2448 -33.2719)' width='2' height='7.403'/%3e%3c/g%3e%3cg%3e %3crect x='63.674' y='49.059' width='7.403' height='2'/%3e%3c/g%3e%3cg%3e %3crect x='28.924' y='49.059' width='7.402' height='2'/%3e%3c/g%3e%3cpath d='M62.294%2c50.01c0-0.027%2c0.004-0.054%2c0.004-0.081H62.29c-0.078-6.715-5.558-12.155-12.291-12.155s-12.212%2c5.44-12.29%2c12.155 h-0.006c0%2c0.021%2c0.003%2c0.041%2c0.003%2c0.062c0%2c0.027-0.004%2c0.054-0.004%2c0.081h0.008c0.078%2c6.715%2c5.558%2c12.155%2c12.291%2c12.155 s12.212-5.44%2c12.29-12.155h0.006C62.297%2c50.05%2c62.294%2c50.03%2c62.294%2c50.01z M50.001%2c60.227c-5.658%2c0-10.261-4.586-10.295-10.236 c0.044-5.641%2c4.643-10.217%2c10.293-10.217c5.658%2c0%2c10.261%2c4.586%2c10.295%2c10.236C60.25%2c55.65%2c55.651%2c60.227%2c50.001%2c60.227z'/%3e%3cg%3e %3crect x='49' y='64.615' width='2.001' height='7.402'/%3e%3c/g%3e%3cg%3e %3crect x='58.585' y='62.227' transform='matrix(-0.707 -0.7072 0.7072 -0.707 61.6125 151.9782)' width='7.403' height='2'/%3e%3c/g%3e%3cg%3e %3crect x='36.715' y='59.526' transform='matrix(-0.7071 -0.7071 0.7071 -0.7071 19.6743 134.6054)' width='2' height='7.403'/%3e%3c/g%3e%3c/svg%3e"
/>
`;

exports[`should render clear-night Icon correctly 1`] = `
<img
  className="weather__icon"
  src="data:image/svg+xml,%3c%3fxml version='1.0' encoding='utf-8'%3f%3e%3c!-- Generator: Adobe Illustrator 16.0.0%2c SVG Export Plug-In . SVG Version: 6.00 Build 0) --%3e%3c!DOCTYPE svg PUBLIC '-//W3C//DTD SVG 1.1//EN' 'http://www.w3.org/Graphics/SVG/1.1/DTD/svg11.dtd'%3e%3csvg version='1.1' id='Layer_1' xmlns='http://www.w3.org/2000/svg' xmlns:xlink='http://www.w3.org/1999/xlink' x='0px' y='0px' width='100px' height='100px' viewBox='0 0 100 100' enable-background='new 0 0 100 100' xml:space='preserve'%3e%3cpath d='M56.003%2c59.967c-2.495-1.868-4.125-4.832-4.146-8.179c0.026-3.338%2c1.654-6.294%2c4.145-8.159 c0.568-0.425%2c1.18-0.793%2c1.829-1.095c-0.567-0.486-1.18-0.919-1.829-1.297c-1.812-1.052-3.907-1.666-6.149-1.666 c-6.733%2c0-12.212%2c5.44-12.29%2c12.155h-0.006c0%2c0.021%2c0.003%2c0.041%2c0.003%2c0.062c0%2c0.027-0.004%2c0.054-0.004%2c0.081h0.008 c0.078%2c6.715%2c5.558%2c12.155%2c12.291%2c12.155c2.242%2c0%2c4.338-0.613%2c6.148-1.666c0.65-0.378%2c1.263-0.811%2c1.83-1.297 C57.183%2c60.76%2c56.571%2c60.392%2c56.003%2c59.967z M49.854%2c62.024c-5.658%2c0-10.261-4.586-10.295-10.236 c0.044-5.641%2c4.643-10.217%2c10.293-10.217c1.544%2c0%2c3.004%2c0.352%2c4.319%2c0.963c-2.601%2c2.229-4.269%2c5.516-4.312%2c9.192h-0.006 c0%2c0.021%2c0.003%2c0.041%2c0.003%2c0.062c0%2c0.027-0.004%2c0.054-0.004%2c0.081h0.008c0.043%2c3.677%2c1.712%2c6.964%2c4.313%2c9.192 C52.858%2c61.673%2c51.398%2c62.024%2c49.854%2c62.024z'/%3e%3c/svg%3e"
/>
`;

exports[`should render cloudy Icon correctly 1`] = `
<img
  className="weather__icon"
  src="data:image/svg+xml,%3c%3fxml version='1.0' encoding='utf-8'%3f%3e%3c!-- Generator: Adobe Illustrator 16.0.0%2c SVG Export Plug-In . SVG Version: 6.00 Build 0) --%3e%3c!DOCTYPE svg PUBLIC '-//W3C//DTD SVG 1.1//EN' 'http://www.w3.org/Graphics/SVG/1.1/DTD/svg11.dtd'%3e%3csvg version='1.1' id='Layer_1' xmlns='http://www.w3.org/2000/svg' xmlns:xlink='http://www.w3.org/1999/xlink' x='0px' y='0px' width='100px' height='100px' viewBox='0 0 100 100' enable-background='new 0 0 100 100' xml:space='preserve'%3e%3cpath d='M75.363%2c30.034c-1.3%2c0-2.58%2c0.186-3.819%2c0.556c-1.803-5.486-6.877-9.216-12.763-9.216c-2.854%2c0-5.64%2c0.914-7.935%2c2.592 c-2.861-1.698-6.107-2.592-9.441-2.592c-10.229%2c0-18.553%2c8.322-18.553%2c18.552c0%2c1.56%2c0.215%2c3.067%2c0.579%2c4.516 c-6.854%2c0.612-12.247%2c6.38-12.247%2c13.391c0%2c7.418%2c6.034%2c13.452%2c13.451%2c13.452c2.045%2c0%2c4.052-0.469%2c5.884-1.365 c1.951%2c5.194%2c6.927%2c8.707%2c12.577%2c8.707c4.644%2c0%2c8.922-2.384%2c11.379-6.279c1.373%2c0.316%2c2.754%2c0.476%2c4.119%2c0.476 c9.357%2c0%2c17.1-6.97%2c18.354-15.987c6.671-0.788%2c11.865-6.469%2c11.865-13.35C88.814%2c36.068%2c82.78%2c30.034%2c75.363%2c30.034z M58.595%2c70.475 c-1.443%2c0-2.914-0.207-4.369-0.614c-0.529-0.15-1.09%2c0.09-1.351%2c0.573c-1.944%2c3.604-5.69%2c5.844-9.778%2c5.844 c-5.083%2c0-9.502-3.442-10.75-8.374c-0.092-0.366-0.354-0.664-0.704-0.803c-0.141-0.058-0.288-0.084-0.435-0.084 c-0.22%2c0-0.439%2c0.061-0.629%2c0.185c-1.786%2c1.135-3.84%2c1.735-5.941%2c1.735c-6.121%2c0-11.102-4.982-11.102-11.103 c0-5.967%2c4.732-10.833%2c10.636-11.08c0.156-0.006%2c0.309-0.023%2c0.466-0.023c0.74%2c0%2c1.471%2c0.076%2c2.19%2c0.222 c0.674%2c0.136%2c1.337%2c0.333%2c1.983%2c0.597c0.319%2c0.129%2c0.68%2c0.112%2c0.986-0.048c0.307-0.159%2c0.527-0.445%2c0.603-0.783 c1.15-5.091%2c5.599-8.648%2c10.82-8.648c2.591%2c0%2c5.115%2c0.914%2c7.106%2c2.575c0.397%2c0.332%2c0.964%2c0.364%2c1.397%2c0.08 c2.646-1.737%2c5.713-2.655%2c8.871-2.655c8.935%2c0%2c16.203%2c7.268%2c16.203%2c16.202c0%2c0.093-0.013%2c0.184-0.014%2c0.276 c-0.014%2c0.797-0.093%2c1.577-0.218%2c2.343C73.308%2c64.582%2c66.636%2c70.475%2c58.595%2c70.475z M77.14%2c54.434c0-0.054%2c0.008-0.106%2c0.008-0.161 c0-10.23-8.323-18.552-18.553-18.552c-3.334%2c0-6.58%2c0.894-9.441%2c2.592c-2.295-1.678-5.08-2.592-7.934-2.592 c-5.886%2c0-10.961%2c3.73-12.763%2c9.216c-0.85-0.254-1.72-0.414-2.601-0.494c-0.418-1.436-0.653-2.948-0.653-4.517 c0-8.934%2c7.269-16.202%2c16.203-16.202c3.158%2c0%2c6.226%2c0.918%2c8.871%2c2.655c0.434%2c0.284%2c1%2c0.252%2c1.397-0.08 c1.991-1.661%2c4.515-2.575%2c7.105-2.575c5.222%2c0%2c9.67%2c3.557%2c10.82%2c8.648c0.076%2c0.338%2c0.296%2c0.624%2c0.604%2c0.783 c0.306%2c0.16%2c0.667%2c0.177%2c0.985%2c0.048c1.336-0.544%2c2.741-0.819%2c4.174-0.819c6.121%2c0%2c11.103%2c4.979%2c11.103%2c11.104 C86.465%2c49.001%2c82.417%2c53.579%2c77.14%2c54.434z'/%3e%3c/svg%3e"
/>
`;

exports[`should render default Icon correctly 1`] = `
<img
  className="weather__icon"
  src="data:image/svg+xml,%3c%3fxml version='1.0' encoding='utf-8'%3f%3e%3c!-- Generator: Adobe Illustrator 16.0.0%2c SVG Export Plug-In . SVG Version: 6.00 Build 0) --%3e%3c!DOCTYPE svg PUBLIC '-//W3C//DTD SVG 1.1//EN' 'http://www.w3.org/Graphics/SVG/1.1/DTD/svg11.dtd'%3e%3csvg version='1.1' id='Layer_1' xmlns='http://www.w3.org/2000/svg' xmlns:xlink='http://www.w3.org/1999/xlink' x='0px' y='0px' width='100px' height='100px' viewBox='0 0 100 100' enable-background='new 0 0 100 100' xml:space='preserve'%3e%3cg%3e %3cpolygon points='63.295%2c43.878 63.17%2c43.878 62.645%2c46.652 61.371%2c50.525 65.119%2c50.525 63.818%2c46.627 '/%3e %3cpath d='M50%2c20c-16.568%2c0-30%2c13.432-30%2c30s13.432%2c30%2c30%2c30c16.569%2c0%2c30-13.432%2c30-30S66.568%2c20%2c50%2c20z M42.552%2c57.273h-2.499 l-6.572-9.247l-1.375-2.75h-0.125l0.399%2c2.75v9.122h-3.248V39.53h2.499l6.622%2c9.321l1.325%2c2.674h0.125l-0.4-2.674v-9.196h3.249 V57.273z M47.4%2c60.646l-2.449-1.149l8.921-20.143l2.449%2c1.1L47.4%2c60.646z M67.268%2c57.148l-1.398-3.873h-5.373l-1.324%2c3.873h-3.424 l6.297-17.62h2.523l6.299%2c17.62H67.268z'/%3e%3c/g%3e%3c/svg%3e"
/>
`;

exports[`should render fog Icon correctly 1`] = `
<img
  className="weather__icon"
  src="data:image/svg+xml,%3c%3fxml version='1.0' encoding='utf-8'%3f%3e%3c!-- Generator: Adobe Illustrator 16.0.0%2c SVG Export Plug-In . SVG Version: 6.00 Build 0) --%3e%3c!DOCTYPE svg PUBLIC '-//W3C//DTD SVG 1.1//EN' 'http://www.w3.org/Graphics/SVG/1.1/DTD/svg11.dtd'%3e%3csvg version='1.1' id='Layer_1' xmlns='http://www.w3.org/2000/svg' xmlns:xlink='http://www.w3.org/1999/xlink' x='0px' y='0px' width='100px' height='100px' viewBox='0 0 100 100' enable-background='new 0 0 100 100' xml:space='preserve'%3e%3cg%3e %3crect x='19.833' y='60.447' width='61' height='2'/%3e %3crect x='19.833' y='64.447' width='61' height='2'/%3e %3crect x='19.833' y='68.447' width='61' height='2'/%3e %3cpath d='M31.747%2c52.212c0%2c0%2c0.001%2c0%2c0.002%2c0l0.899%2c0.007l0.212-0.716c2.586-8.709%2c10.741-14.792%2c19.831-14.792 c6.377%2c0%2c12.304%2c2.881%2c16.259%2c7.906l0.411%2c0.521L70%2c44.962c0.607-0.167%2c1.216-0.251%2c1.808-0.251c3.761%2c0%2c6.82%2c3.06%2c6.82%2c6.82 c0%2c1.361-0.401%2c2.678-1.16%2c3.805l-0.437%2c0.65l0.525%2c0.58c0.324%2c0.356%2c0.582%2c0.765%2c0.768%2c1.214l1.848-0.764 c-0.175-0.425-0.395-0.825-0.656-1.197c0.729-1.308%2c1.112-2.776%2c1.112-4.288c0-4.864-3.957-8.82-8.82-8.82 c-0.559%2c0-1.125%2c0.057-1.69%2c0.169c-4.332-5.2-10.646-8.169-17.427-8.169c-9.719%2c0-18.464%2c6.343-21.524%2c15.514 c-4.42%2c0.207-8.375%2c2.74-10.418%2c6.717l1.779%2c0.914C24.316%2c54.374%2c27.85%2c52.212%2c31.747%2c52.212z'/%3e%3c/g%3e%3c/svg%3e"
/>
`;

exports[`should render partly-cloudy-day Icon correctly 1`] = `
<img
  className="weather__icon"
  src="data:image/svg+xml,%3c%3fxml version='1.0' encoding='utf-8'%3f%3e%3c!-- Generator: Adobe Illustrator 16.0.0%2c SVG Export Plug-In . SVG Version: 6.00 Build 0) --%3e%3c!DOCTYPE svg PUBLIC '-//W3C//DTD SVG 1.1//EN' 'http://www.w3.org/Graphics/SVG/1.1/DTD/svg11.dtd'%3e%3csvg version='1.1' id='Layer_1' xmlns='http://www.w3.org/2000/svg' xmlns:xlink='http://www.w3.org/1999/xlink' x='0px' y='0px' width='100px' height='100px' viewBox='0 0 100 100' enable-background='new 0 0 100 100' xml:space='preserve'%3e%3cg%3e %3crect x='38.999' y='14.919' width='2.001' height='7.403'/%3e%3c/g%3e%3cg%3e %3crect x='24.012' y='22.71' transform='matrix(0.7071 0.7071 -0.7071 0.7071 24.8845 -12.6522)' width='7.403' height='2'/%3e%3c/g%3e%3cg%3e %3crect x='51.285' y='20.008' transform='matrix(0.7071 0.7071 -0.7071 0.7071 32.0793 -30.0268)' width='2' height='7.403'/%3e%3c/g%3e%3cg%3e %3crect x='18.924' y='35.996' width='7.402' height='2'/%3e%3c/g%3e%3cpath d='M80.625%2c47.623c0-4.864-3.957-8.82-8.82-8.82c-0.558%2c0-1.124%2c0.057-1.69%2c0.169c-4.331-5.2-10.646-8.169-17.427-8.169 c-0.683%2c0-1.359%2c0.039-2.031%2c0.101c-2.122-3.694-6.099-6.192-10.657-6.192c-6.733%2c0-12.212%2c5.44-12.29%2c12.155h-0.006 c0%2c0.021%2c0.003%2c0.041%2c0.003%2c0.062c0%2c0.027-0.004%2c0.054-0.004%2c0.081h0.008c0.04%2c3.384%2c1.453%2c6.441%2c3.705%2c8.645 c-0.082%2c0.222-0.176%2c0.437-0.251%2c0.662c-6.553%2c0.307-11.789%2c5.735-11.789%2c12.362c0%2c6.823%2c5.551%2c12.375%2c12.375%2c12.375 c1.818%2c0%2c3.621-0.403%2c5.257-1.171c4.243%2c4.065%2c9.782%2c6.296%2c15.68%2c6.296c9.513%2c0%2c17.943-5.887%2c21.249-14.738 c0.205%2c0.023%2c0.404%2c0.035%2c0.603%2c0.035c3.355%2c0%2c6.086-2.73%2c6.086-6.086c0-1.245-0.391-2.455-1.111-3.478 C80.243%2c50.603%2c80.625%2c49.134%2c80.625%2c47.623z M29.706%2c36.928c0.044-5.641%2c4.643-10.217%2c10.293-10.217 c3.531%2c0%2c6.65%2c1.787%2c8.505%2c4.502c-7.03%2c1.341-13.105%2c5.981-16.235%2c12.432C30.691%2c41.846%2c29.722%2c39.5%2c29.706%2c36.928z M77.554%2c52.658 c0.691%2c0.762%2c1.071%2c1.731%2c1.071%2c2.73c0%2c2.253-1.833%2c4.086-4.086%2c4.086c-0.305%2c0-0.627-0.046-1.014-0.145l-0.903-0.231l-0.293%2c0.887 c-2.807%2c8.488-10.7%2c14.192-19.642%2c14.192c-5.602%2c0-10.849-2.207-14.775-6.214l-0.53-0.54l-0.665%2c0.363 c-1.515%2c0.828-3.233%2c1.266-4.968%2c1.266c-5.721%2c0-10.375-4.654-10.375-10.375s4.653-10.375%2c10.378-10.375c0%2c0%2c0.001%2c0%2c0.002%2c0 l0.885%2c0.021l0.217-0.73c0.06-0.201%2c0.137-0.393%2c0.203-0.591c0.218-0.66%2c0.468-1.303%2c0.749-1.93 c2.854-6.369%2c8.814-10.925%2c15.693-12.015c0.675-0.107%2c1.36-0.171%2c2.051-0.21c0.377-0.021%2c0.754-0.047%2c1.135-0.047 c6.378%2c0%2c12.304%2c2.881%2c16.259%2c7.905l0.41%2c0.521l0.64-0.174c4.48-1.227%2c8.629%2c2.218%2c8.629%2c6.569c0%2c1.362-0.401%2c2.678-1.16%2c3.805 l-0.437%2c0.65L77.554%2c52.658z'/%3e%3c/svg%3e"
/>
`;

exports[`should render partly-cloudy-night Icon correctly 1`] = `
<img
  className="weather__icon"
  src="data:image/svg+xml,%3c%3fxml version='1.0' encoding='utf-8'%3f%3e%3c!-- Generator: Adobe Illustrator 16.0.0%2c SVG Export Plug-In . SVG Version: 6.00 Build 0) --%3e%3c!DOCTYPE svg PUBLIC '-//W3C//DTD SVG 1.1//EN' 'http://www.w3.org/Graphics/SVG/1.1/DTD/svg11.dtd'%3e%3csvg version='1.1' id='Layer_1' xmlns='http://www.w3.org/2000/svg' xmlns:xlink='http://www.w3.org/1999/xlink' x='0px' y='0px' width='100px' height='100px' viewBox='0 0 100 100' enable-background='new 0 0 100 100' xml:space='preserve'%3e%3cpath d='M81.911%2c33.854c-3.085%2c0.443-6.334-0.5-8.715-2.852c-2.341-2.379-3.28-5.62-2.838-8.7c0.101-0.703%2c0.273-1.395%2c0.519-2.068 c-0.745%2c0.058-1.483%2c0.185-2.21%2c0.376c-2.025%2c0.537-3.941%2c1.585-5.526%2c3.17c-1.724%2c1.724-2.818%2c3.837-3.302%2c6.058 c-2.858-1.272-5.984-1.955-9.22-1.955c-9.719%2c0-18.464%2c6.343-21.524%2c15.513c-6.553%2c0.307-11.789%2c5.735-11.789%2c12.363 c0%2c6.823%2c5.551%2c12.375%2c12.375%2c12.375c1.818%2c0%2c3.621-0.403%2c5.257-1.171c4.243%2c4.065%2c9.782%2c6.296%2c15.68%2c6.296 c9.513%2c0%2c17.943-5.887%2c21.249-14.738c0.205%2c0.023%2c0.404%2c0.035%2c0.603%2c0.035c3.355%2c0%2c6.086-2.73%2c6.086-6.086 c0-1.245-0.391-2.455-1.111-3.478c0.729-1.308%2c1.111-2.777%2c1.111-4.29c0-0.673-0.083-1.327-0.227-1.957 c0.745-0.473%2c1.453-1.026%2c2.103-1.676c1.586-1.585%2c2.634-3.501%2c3.17-5.525c0.192-0.728%2c0.319-1.466%2c0.377-2.211 C83.306%2c33.581%2c82.613%2c33.752%2c81.911%2c33.854z M75.485%2c49.741c0.691%2c0.761%2c1.071%2c1.731%2c1.071%2c2.73c0%2c2.253-1.833%2c4.086-4.086%2c4.086 c-0.305%2c0-0.627-0.046-1.014-0.145l-0.903-0.231l-0.293%2c0.887c-2.807%2c8.488-10.7%2c14.192-19.642%2c14.192 c-5.602%2c0-10.849-2.207-14.775-6.214l-0.53-0.54l-0.665%2c0.363c-1.515%2c0.828-3.233%2c1.266-4.968%2c1.266 c-5.721%2c0-10.375-4.654-10.375-10.375c0-5.721%2c4.653-10.375%2c10.369-10.375c0%2c0%2c0.001%2c0%2c0.001%2c0l0.899%2c0.007l0.212-0.715 c2.586-8.709%2c10.741-14.792%2c19.831-14.792c3.157%2c0%2c6.202%2c0.708%2c8.954%2c2.031c0.686%2c0.329%2c1.352%2c0.697%2c1.998%2c1.102 c1.999%2c1.252%2c3.797%2c2.855%2c5.307%2c4.772l0.411%2c0.521l0.64-0.176c0.607-0.167%2c1.216-0.251%2c1.808-0.251c2.716%2c0%2c5.06%2c1.6%2c6.155%2c3.902 c0.286%2c0.602%2c0.486%2c1.25%2c0.585%2c1.932c0.048%2c0.323%2c0.08%2c0.65%2c0.08%2c0.986c0%2c1.363-0.401%2c2.68-1.16%2c3.807l-0.437%2c0.65L75.485%2c49.741z M79.019%2c39.656c-0.433%2c0.432-0.898%2c0.809-1.383%2c1.148c-1.442-2.91-4.438-4.92-7.899-4.92c-0.559%2c0-1.125%2c0.057-1.69%2c0.169 c-1.808-2.169-3.963-3.944-6.35-5.283c0.34-2.042%2c1.286-4.002%2c2.858-5.575c1.092-1.092%2c2.373-1.875%2c3.735-2.374 c-0.264%2c3.415%2c0.882%2c6.918%2c3.451%2c9.549l-0.005%2c0.004c0.016%2c0.015%2c0.031%2c0.027%2c0.046%2c0.041c0.02%2c0.02%2c0.035%2c0.041%2c0.055%2c0.06 l0.006-0.005c2.63%2c2.569%2c6.135%2c3.714%2c9.549%2c3.451C80.894%2c37.284%2c80.11%2c38.565%2c79.019%2c39.656z'/%3e%3c/svg%3e"
/>
`;

exports[`should render rain Icon correctly 1`] = `
<img
  className="weather__icon"
  src="data:image/svg+xml,%3c%3fxml version='1.0' encoding='utf-8'%3f%3e%3c!-- Generator: Adobe Illustrator 16.0.0%2c SVG Export Plug-In . SVG Version: 6.00 Build 0) --%3e%3c!DOCTYPE svg PUBLIC '-//W3C//DTD SVG 1.1//EN' 'http://www.w3.org/Graphics/SVG/1.1/DTD/svg11.dtd'%3e%3csvg version='1.1' id='Layer_1' xmlns='http://www.w3.org/2000/svg' xmlns:xlink='http://www.w3.org/1999/xlink' x='0px' y='0px' width='100px' height='100px' viewBox='0 0 100 100' enable-background='new 0 0 100 100' xml:space='preserve'%3e%3cpath d='M49.329%2c74.305l-0.831%2c1.238c-0.592%2c0.883-3.547%2c5.392-3.547%2c7.457c0%2c2.413%2c1.964%2c4.377%2c4.378%2c4.377 c2.413%2c0%2c4.377-1.964%2c4.377-4.377c0-2.064-2.954-6.574-3.546-7.457L49.329%2c74.305z M49.329%2c85.377c-1.311%2c0-2.378-1.066-2.378-2.377 c0-0.864%2c1.211-3.151%2c2.378-5.048c1.167%2c1.896%2c2.377%2c4.183%2c2.377%2c5.048C51.706%2c84.311%2c50.64%2c85.377%2c49.329%2c85.377z'/%3e%3cpath d='M39.329%2c74.305l-0.831%2c1.238c-0.592%2c0.883-3.547%2c5.392-3.547%2c7.457c0%2c2.413%2c1.964%2c4.377%2c4.378%2c4.377 c2.413%2c0%2c4.377-1.964%2c4.377-4.377c0-2.064-2.954-6.574-3.546-7.457L39.329%2c74.305z M39.329%2c85.377c-1.311%2c0-2.378-1.066-2.378-2.377 c0-0.864%2c1.211-3.151%2c2.378-5.048c1.167%2c1.896%2c2.377%2c4.183%2c2.377%2c5.048C41.706%2c84.311%2c40.64%2c85.377%2c39.329%2c85.377z'/%3e%3cpath d='M59.329%2c74.305l-0.831%2c1.238c-0.592%2c0.883-3.547%2c5.392-3.547%2c7.457c0%2c2.413%2c1.964%2c4.377%2c4.378%2c4.377 c2.413%2c0%2c4.377-1.964%2c4.377-4.377c0-2.064-2.954-6.574-3.546-7.457L59.329%2c74.305z M59.329%2c85.377c-1.312%2c0-2.378-1.066-2.378-2.377 c0-0.864%2c1.211-3.151%2c2.378-5.048c1.167%2c1.896%2c2.377%2c4.183%2c2.377%2c5.048C61.706%2c84.311%2c60.64%2c85.377%2c59.329%2c85.377z'/%3e%3cpath d='M77.865%2c42.813c0-4.864-3.957-8.82-8.82-8.82c-0.559%2c0-1.125%2c0.057-1.69%2c0.169c-4.332-5.2-10.646-8.169-17.427-8.169 c-9.719%2c0-18.464%2c6.343-21.524%2c15.514c-6.553%2c0.307-11.789%2c5.735-11.789%2c12.362c0%2c6.823%2c5.551%2c12.375%2c12.375%2c12.375 c1.818%2c0%2c3.621-0.403%2c5.257-1.171c4.243%2c4.065%2c9.782%2c6.296%2c15.68%2c6.296c9.513%2c0%2c17.943-5.887%2c21.249-14.738 c0.205%2c0.023%2c0.404%2c0.035%2c0.603%2c0.035c3.355%2c0%2c6.086-2.73%2c6.086-6.086c0-1.245-0.391-2.456-1.111-3.478 C77.483%2c45.794%2c77.865%2c44.326%2c77.865%2c42.813z M74.794%2c47.85c0.691%2c0.761%2c1.071%2c1.731%2c1.071%2c2.73c0%2c2.253-1.833%2c4.086-4.086%2c4.086 c-0.305%2c0-0.627-0.046-1.014-0.145l-0.903-0.231l-0.293%2c0.887c-2.807%2c8.488-10.7%2c14.192-19.642%2c14.192 c-5.602%2c0-10.849-2.207-14.775-6.214l-0.53-0.54l-0.665%2c0.363c-1.515%2c0.828-3.233%2c1.266-4.968%2c1.266 c-5.721%2c0-10.375-4.654-10.375-10.375c0-5.721%2c4.653-10.375%2c10.369-10.375c0%2c0%2c0.001%2c0%2c0.001%2c0l0.899%2c0.007l0.212-0.715 c2.586-8.709%2c10.741-14.792%2c19.831-14.792c6.377%2c0%2c12.304%2c2.881%2c16.259%2c7.906l0.411%2c0.521l0.64-0.176 c0.607-0.167%2c1.216-0.251%2c1.808-0.251c3.761%2c0%2c6.82%2c3.06%2c6.82%2c6.82c0%2c1.362-0.401%2c2.679-1.16%2c3.806l-0.437%2c0.65L74.794%2c47.85z'/%3e%3c/svg%3e"
/>
`;

exports[`should render sleet Icon correctly 1`] = `
<img
  className="weather__icon"
  src="data:image/svg+xml,%3c%3fxml version='1.0' encoding='utf-8'%3f%3e%3c!-- Generator: Adobe Illustrator 16.0.0%2c SVG Export Plug-In . SVG Version: 6.00 Build 0) --%3e%3c!DOCTYPE svg PUBLIC '-//W3C//DTD SVG 1.1//EN' 'http://www.w3.org/Graphics/SVG/1.1/DTD/svg11.dtd'%3e%3csvg version='1.1' id='Layer_1' xmlns='http://www.w3.org/2000/svg' xmlns:xlink='http://www.w3.org/1999/xlink' x='0px' y='0px' width='100px' height='100px' viewBox='0 0 100 100' enable-background='new 0 0 100 100' xml:space='preserve'%3e%3cpath d='M82.471%2c33.108c0-4.863-3.957-8.82-8.82-8.82c-0.559%2c0-1.125%2c0.057-1.69%2c0.169c-4.332-5.2-10.646-8.169-17.427-8.169 c-7.491%2c0-14.494%2c3.703-18.732%2c9.905l0.826%2c0.564l-0.826-0.564c-1.188%2c1.738-2.109%2c3.627-2.771%2c5.614 c-4.345%2c0.198-8.272%2c2.654-10.344%2c6.519c-0.958%2c1.787-1.464%2c3.807-1.464%2c5.838c0%2c6.824%2c5.551%2c12.375%2c12.375%2c12.375 c1.818%2c0%2c3.621-0.402%2c5.258-1.17c4.242%2c4.064%2c9.781%2c6.295%2c15.68%2c6.295c9.513%2c0%2c17.943-5.887%2c21.249-14.738 c0.205%2c0.023%2c0.404%2c0.035%2c0.603%2c0.035c3.355%2c0%2c6.086-2.73%2c6.086-6.085c0-1.245-0.391-2.456-1.111-3.478 C82.089%2c36.09%2c82.471%2c34.621%2c82.471%2c33.108z M79.399%2c38.146c0.691%2c0.762%2c1.071%2c1.731%2c1.071%2c2.73c0%2c2.253-1.833%2c4.085-4.086%2c4.085 c-0.305%2c0-0.627-0.045-1.014-0.145l-0.903-0.23l-0.293%2c0.887c-2.807%2c8.488-10.7%2c14.191-19.642%2c14.191 c-5.602%2c0-10.849-2.207-14.775-6.213l-0.529-0.541l-0.664%2c0.363c-1.515%2c0.828-3.233%2c1.266-4.969%2c1.266 c-5.721%2c0-10.375-4.654-10.375-10.375c0-1.703%2c0.424-3.396%2c1.227-4.893c1.813-3.382%2c5.317-5.482%2c9.142-5.482c0%2c0%2c0.001%2c0%2c0.002%2c0 c0.051%2c0.004%2c0.101%2c0.008%2c0.153%2c0.008l0.731-0.086l0.281-0.786l-1.011-0.291v-0.019l1.011%2c0.31c0.559-1.827%2c1.38-3.559%2c2.421-5.167 h0.168v-0.267c0.037-0.055%2c0.068-0.114%2c0.106-0.168c3.866-5.657%2c10.251-9.034%2c17.081-9.034c6.377%2c0%2c12.304%2c2.881%2c16.259%2c7.906 l0.411%2c0.521l0.64-0.176c0.607-0.167%2c1.216-0.251%2c1.808-0.251c3.761%2c0%2c6.82%2c3.06%2c6.82%2c6.82c0%2c1.363-0.401%2c2.68-1.16%2c3.807 l-0.437%2c0.65L79.399%2c38.146z'/%3e%3cg%3e %3cpath d='M37.327%2c69.749c-2.495%2c0-4.524-2.029-4.524-4.524s2.029-4.524%2c4.524-4.524s4.524%2c2.029%2c4.524%2c4.524 S39.821%2c69.749%2c37.327%2c69.749z M37.327%2c62.7c-1.392%2c0-2.524%2c1.133-2.524%2c2.524s1.132%2c2.524%2c2.524%2c2.524s2.524-1.133%2c2.524-2.524 S38.718%2c62.7%2c37.327%2c62.7z'/%3e%3c/g%3e%3cg%3e %3cpath d='M44.376%2c83.553c-2.495%2c0-4.524-2.029-4.524-4.524c0-2.494%2c2.03-4.523%2c4.524-4.523s4.524%2c2.029%2c4.524%2c4.523 C48.9%2c81.523%2c46.871%2c83.553%2c44.376%2c83.553z M44.376%2c76.505c-1.392%2c0-2.524%2c1.132-2.524%2c2.523s1.132%2c2.524%2c2.524%2c2.524 c1.392%2c0%2c2.524-1.133%2c2.524-2.524S45.768%2c76.505%2c44.376%2c76.505z'/%3e%3c/g%3e%3cg%3e %3cpath d='M54.948%2c73.273c-2.495%2c0-4.524-2.029-4.524-4.524c0-2.494%2c2.029-4.523%2c4.524-4.523c2.494%2c0%2c4.523%2c2.029%2c4.523%2c4.523 C59.472%2c71.244%2c57.442%2c73.273%2c54.948%2c73.273z M54.948%2c66.226c-1.392%2c0-2.524%2c1.132-2.524%2c2.523s1.133%2c2.524%2c2.524%2c2.524 s2.523-1.133%2c2.523-2.524S56.34%2c66.226%2c54.948%2c66.226z'/%3e%3c/g%3e%3cg%3e %3cpath d='M72.765%2c69.749c-2.494%2c0-4.523-2.029-4.523-4.524s2.029-4.524%2c4.523-4.524s4.523%2c2.029%2c4.523%2c4.524 S75.259%2c69.749%2c72.765%2c69.749z M72.765%2c62.7c-1.392%2c0-2.523%2c1.133-2.523%2c2.524s1.132%2c2.524%2c2.523%2c2.524s2.523-1.133%2c2.523-2.524 S74.156%2c62.7%2c72.765%2c62.7z'/%3e%3c/g%3e%3cg%3e %3cpath d='M65.716%2c83.553c-2.494%2c0-4.523-2.029-4.523-4.524c0-2.494%2c2.029-4.523%2c4.523-4.523s4.523%2c2.029%2c4.523%2c4.523 C70.239%2c81.523%2c68.21%2c83.553%2c65.716%2c83.553z M65.716%2c76.505c-1.392%2c0-2.523%2c1.132-2.523%2c2.523s1.132%2c2.524%2c2.523%2c2.524 s2.523-1.133%2c2.523-2.524S67.107%2c76.505%2c65.716%2c76.505z'/%3e%3c/g%3e%3c/svg%3e"
/>
`;

exports[`should render snow Icon correctly 1`] = `
<img
  className="weather__icon"
  src="data:image/svg+xml,%3c%3fxml version='1.0' encoding='utf-8'%3f%3e%3c!-- Generator: Adobe Illustrator 16.0.0%2c SVG Export Plug-In . SVG Version: 6.00 Build 0) --%3e%3c!DOCTYPE svg PUBLIC '-//W3C//DTD SVG 1.1//EN' 'http://www.w3.org/Graphics/SVG/1.1/DTD/svg11.dtd'%3e%3csvg version='1.1' id='Layer_1' xmlns='http://www.w3.org/2000/svg' xmlns:xlink='http://www.w3.org/1999/xlink' x='0px' y='0px' width='100px' height='100px' viewBox='0 0 100 100' enable-background='new 0 0 100 100' xml:space='preserve'%3e%3cpath d='M82.471%2c33.108c0-4.863-3.957-8.82-8.82-8.82c-0.559%2c0-1.125%2c0.057-1.69%2c0.169c-4.332-5.2-10.646-8.169-17.427-8.169 c-7.491%2c0-14.494%2c3.703-18.732%2c9.905l0.826%2c0.564l-0.826-0.564c-1.188%2c1.738-2.109%2c3.627-2.771%2c5.614 c-4.345%2c0.198-8.272%2c2.654-10.344%2c6.519c-0.958%2c1.787-1.464%2c3.807-1.464%2c5.838c0%2c6.824%2c5.551%2c12.375%2c12.375%2c12.375 c1.818%2c0%2c3.621-0.402%2c5.258-1.17c4.242%2c4.064%2c9.781%2c6.295%2c15.68%2c6.295c9.513%2c0%2c17.943-5.887%2c21.249-14.738 c0.205%2c0.023%2c0.404%2c0.035%2c0.603%2c0.035c3.355%2c0%2c6.086-2.73%2c6.086-6.085c0-1.245-0.391-2.456-1.111-3.478 C82.089%2c36.09%2c82.471%2c34.621%2c82.471%2c33.108z M79.399%2c38.146c0.691%2c0.762%2c1.071%2c1.731%2c1.071%2c2.73c0%2c2.253-1.833%2c4.085-4.086%2c4.085 c-0.305%2c0-0.627-0.045-1.014-0.145l-0.903-0.23l-0.293%2c0.887c-2.807%2c8.488-10.7%2c14.191-19.642%2c14.191 c-5.602%2c0-10.849-2.207-14.775-6.213l-0.529-0.541l-0.664%2c0.363c-1.515%2c0.828-3.233%2c1.266-4.969%2c1.266 c-5.721%2c0-10.375-4.654-10.375-10.375c0-1.703%2c0.424-3.396%2c1.227-4.893c1.813-3.382%2c5.317-5.482%2c9.142-5.482c0%2c0%2c0.001%2c0%2c0.002%2c0 c0.051%2c0.004%2c0.101%2c0.008%2c0.153%2c0.008l0.731-0.086l0.281-0.786l-1.011-0.291v-0.019l1.011%2c0.31c0.559-1.827%2c1.38-3.559%2c2.421-5.167 h0.168v-0.267c0.037-0.055%2c0.068-0.114%2c0.106-0.168c3.866-5.657%2c10.251-9.034%2c17.081-9.034c6.377%2c0%2c12.304%2c2.881%2c16.259%2c7.906 l0.411%2c0.521l0.64-0.176c0.607-0.167%2c1.216-0.251%2c1.808-0.251c3.761%2c0%2c6.82%2c3.06%2c6.82%2c6.82c0%2c1.363-0.401%2c2.68-1.16%2c3.807 l-0.437%2c0.65L79.399%2c38.146z'/%3e%3cpath d='M61.778%2c75.436c0-1.271-0.359-2.457-0.971-3.471l2.084-2.085l-2.215-2.215L58.61%2c69.73c-0.608-0.381-1.28-0.666-1.999-0.838 v-2.911h-3.132v2.911c-0.719%2c0.171-1.391%2c0.457-1.999%2c0.838l-2.065-2.065L47.2%2c69.88l2.084%2c2.084 c-0.613%2c1.015-0.973%2c2.199-0.973%2c3.472c0%2c1.312%2c0.381%2c2.53%2c1.029%2c3.565L47.2%2c81.142l2.215%2c2.215l2.16-2.159 c0.583%2c0.353%2c1.223%2c0.618%2c1.904%2c0.78v3.063h3.132v-3.063c0.683-0.162%2c1.322-0.428%2c1.905-0.781l2.159%2c2.16l2.216-2.215L60.75%2c79 C61.398%2c77.966%2c61.778%2c76.746%2c61.778%2c75.436z M55.045%2c78.275c-1.568%2c0-2.84-1.271-2.84-2.84s1.271-2.841%2c2.84-2.841 c1.569%2c0%2c2.841%2c1.272%2c2.841%2c2.841S56.614%2c78.275%2c55.045%2c78.275z'/%3e%3cpath d='M43.277%2c68.19c0-1.271-0.359-2.457-0.971-3.471l2.084-2.085l-2.215-2.215l-2.066%2c2.065c-0.608-0.381-1.28-0.666-1.999-0.838 v-2.911h-3.132v2.911c-0.719%2c0.171-1.391%2c0.457-1.999%2c0.838l-2.065-2.065l-2.215%2c2.215l2.084%2c2.084 c-0.613%2c1.015-0.973%2c2.199-0.973%2c3.472c0%2c1.312%2c0.381%2c2.53%2c1.029%2c3.565l-2.141%2c2.141l2.215%2c2.215l2.16-2.159 c0.583%2c0.353%2c1.223%2c0.618%2c1.904%2c0.78v3.063h3.132v-3.063c0.683-0.162%2c1.322-0.428%2c1.905-0.781l2.159%2c2.16l2.216-2.215l-2.142-2.142 C42.897%2c70.721%2c43.277%2c69.501%2c43.277%2c68.19z M36.543%2c71.03c-1.568%2c0-2.84-1.271-2.84-2.84s1.271-2.841%2c2.84-2.841 c1.569%2c0%2c2.841%2c1.272%2c2.841%2c2.841S38.113%2c71.03%2c36.543%2c71.03z'/%3e%3cpath d='M79.833%2c68.19c0-1.271-0.359-2.457-0.971-3.471l2.084-2.085l-2.215-2.215l-2.066%2c2.065c-0.608-0.381-1.28-0.666-1.999-0.838 v-2.911h-3.132v2.911c-0.719%2c0.171-1.391%2c0.457-1.999%2c0.838L67.47%2c60.42l-2.215%2c2.215l2.084%2c2.084 c-0.613%2c1.015-0.973%2c2.199-0.973%2c3.472c0%2c1.312%2c0.381%2c2.53%2c1.029%2c3.565l-2.141%2c2.141l2.215%2c2.215l2.16-2.159 c0.583%2c0.353%2c1.223%2c0.618%2c1.904%2c0.78v3.063h3.132v-3.063c0.683-0.162%2c1.322-0.428%2c1.905-0.781l2.159%2c2.16l2.216-2.215l-2.142-2.142 C79.453%2c70.721%2c79.833%2c69.501%2c79.833%2c68.19z M73.1%2c71.03c-1.568%2c0-2.84-1.271-2.84-2.84s1.271-2.841%2c2.84-2.841 c1.569%2c0%2c2.841%2c1.272%2c2.841%2c2.841S74.669%2c71.03%2c73.1%2c71.03z'/%3e%3c/svg%3e"
/>
`;

exports[`should render wind Icon correctly 1`] = `
<img
  className="weather__icon"
  src="data:image/svg+xml,%3c%3fxml version='1.0' encoding='utf-8'%3f%3e%3c!-- Generator: Adobe Illustrator 16.0.0%2c SVG Export Plug-In . SVG Version: 6.00 Build 0) --%3e%3c!DOCTYPE svg PUBLIC '-//W3C//DTD SVG 1.1//EN' 'http://www.w3.org/Graphics/SVG/1.1/DTD/svg11.dtd'%3e%3csvg version='1.1' id='Layer_1' xmlns='http://www.w3.org/2000/svg' xmlns:xlink='http://www.w3.org/1999/xlink' x='0px' y='0px' width='100px' height='100px' viewBox='0 0 100 100' enable-background='new 0 0 100 100' xml:space='preserve'%3e%3cg%3e %3cpath d='M28.267%2c46.752h21.771c0.136%2c0.012%2c0.266%2c0.041%2c0.403%2c0.041c2.757%2c0%2c4.993-2.235%2c4.993-4.993 c0-2.758-2.236-4.993-4.993-4.993c-2.758%2c0-4.993%2c2.235-4.993%2c4.993c0%2c0.958%2c0.283%2c1.843%2c0.751%2c2.603H28.267h-1.174v2.326h1.063 C28.194%2c46.733%2c28.227%2c46.752%2c28.267%2c46.752z'/%3e %3cpath d='M57%2c53.228c-0.033-0.002-0.063-0.021-0.098-0.021H29.001c-0.052%2c0-0.097%2c0.023-0.148%2c0.03v-0.03h-1.761v2.361h1.761v-0.041 c0.051%2c0.007%2c0.095%2c0.03%2c0.148%2c0.03h23.583c-0.482%2c0.768-0.771%2c1.668-0.771%2c2.643c0%2c2.757%2c2.234%2c4.993%2c4.992%2c4.993 s4.992-2.235%2c4.992-4.993C61.797%2c55.511%2c59.664%2c53.332%2c57%2c53.228z'/%3e %3cpath d='M67.916%2c41.222c-2.758%2c0-4.992%2c2.235-4.992%2c4.993c0%2c0.974%2c0.289%2c1.875%2c0.771%2c2.643h-35.33c-0.035%2c0-0.065%2c0.017-0.099%2c0.02 v-0.031h-1.174v2.361h1.174v-0.02c0.034%2c0.003%2c0.064%2c0.02%2c0.099%2c0.02h39.648c0.035%2c0%2c0.063-0.017%2c0.098-0.02 c2.664-0.105%2c4.797-2.283%2c4.797-4.973C72.908%2c43.458%2c70.674%2c41.222%2c67.916%2c41.222z'/%3e %3crect x='27.093' y='40.314' width='12.57' height='2'/%3e %3crect x='27.343' y='57.2' width='19.028' height='2'/%3e%3c/g%3e%3c/svg%3e"
/>
`;
