// Jest Snapshot v1, https://goo.gl/fbAQLP

exports[`Should match snapshot 1`] = `
<div
  className="weather__location"
>
  Waiting for location
</div>
`;
